RAM Allocation [bytes]
Variable                                                                          Address   Size
------------------------------------------------------------------------------------------------
In_profile                                                                        0x0160      96
Out_profile                                                                       0x01C0      96
cable_func_handle                                                                 0x0220      19
flag                                                                              0x0233       2
Input                                                                             0x0235       8
Output                                                                            0x023D       8
profile_lcd_menu                                                                  0x0245       2
Port_Set                                                                          0x0247       2
Read_Pin                                                                          0x0249       2
Menue_Main_Num                                                                    0x024B       1
Menue_Main_Select_Num                                                             0x024C       1
Menue_Cable_Select_Num                                                            0x024D       1
Menue_Cable_Select_Select_Num                                                     0x024E       1
Menu_Cable_Define_Prof                                                            0x024F       1
Menu_Cable_Define_Index_In                                                        0x0250       1
Menu_Cable_Define_Index_Out                                                       0x0251       1
Menu_Cable_Define_Index_In_Num                                                    0x0252       1
Menu_Cable_Define_Index_Out_Num                                                   0x0253       1
flags_menu                                                                        0x0254       1
page                                                                              0x0255       1
flags_b                                                                           0x0256       1
Menue_Main_Srting                                                                 0x0257      84
Menue_Main_Arrow_String                                                           0x02AB       6
lcd_buffer                                                                        0x02B1      20
_seed                                                                             0x02C5       4
_base_y                                                                           0x02C9       4

EEPROM Allocation [bytes]
Variable                                                                          Address   Size
------------------------------------------------------------------------------------------------

Register Allocation
Variable                                                                          Register  Size
------------------------------------------------------------------------------------------------
_lcd_x                                                                            R5           1
_lcd_y                                                                            R4           1
_lcd_maxx                                                                         R7           1

FLASH Allocation [words]
Function                                                                          Address   Size
------------------------------------------------------------------------------------------------
ext_int2_isr                                                                      0x000F8     28
timer0_ovf_isr                                                                    0x00114     69
main                                                                              0x00159     82
write_port                                                                        0x001AB      5
Delay                                                                             0x001B0      7
Menu_Main                                                                         0x001B9     44
Menu_Cable_Select                                                                 0x001E5     60
Menu_Run_Test                                                                     0x00221     63
Menu_About_Me                                                                     0x002C8     29
Cable_Check                                                                       0x002E5    101
Cable_Error_Check                                                                 0x0034A     74
main_menu_button_manager_func                                                     0x00394    150
run_test_button_manager_func                                                      0x0042A     22
cable_select_button_manager_func                                                  0x00440    106
cable_define_button_manager_func                                                  0x004AA    131
about_me_button_manager_func                                                      0x0052D     65
put_buff_G100                                                                     0x0056E     64
_print_G100                                                                       0x005AE    308
sprintf                                                                           0x006E2     27
snprintf                                                                          0x006FD     39
memcpy                                                                            0x00724     18
memset                                                                            0x00736     16
strlen                                                                            0x00746     12
strlenf                                                                           0x00752     13
_lcd_write_nibble_G103                                                            0x0075F     20
_lcd_write_data                                                                   0x00773     12
lcd_gotoxy                                                                        0x0077F     13
lcd_clear                                                                         0x0078C     12
lcd_putchar                                                                       0x00798     21
lcd_puts                                                                          0x007AD     17
lcd_init                                                                          0x007BE     46
