RAM Allocation [bytes]
Variable                                                                          Address   Size
------------------------------------------------------------------------------------------------
In_profile                                                                        0x0160      96
Out_profile                                                                       0x01C0      96
cable_func_handle                                                                 0x0220      19
flag                                                                              0x0233       2
Input                                                                             0x0235       8
Output                                                                            0x023D       8
profile_lcd_menu                                                                  0x0245       2
Port_Set                                                                          0x0247       2
Read_Pin                                                                          0x0249       2
Menue_Main_Num                                                                    0x024B       1
Menue_Cable_Select_Num                                                            0x024C       1
Menu_Cable_Define_Prof                                                            0x024D       1
Menu_Cable_Define_Index_In                                                        0x024E       1
Menu_Cable_Define_Index_Out                                                       0x024F       1
Menu_Cable_Define_Index_In_Num                                                    0x0250       1
Menu_Cable_Define_Index_Out_Num                                                   0x0251       1
flags_menu                                                                        0x0252       1
page                                                                              0x0253       1
flags_b                                                                           0x0254       1
Menue_Main_Srting                                                                 0x0255      64
lcd_buffer                                                                        0x0295      16
_seed                                                                             0x02A5       4
_base_y                                                                           0x02A9       4

EEPROM Allocation [bytes]
Variable                                                                          Address   Size
------------------------------------------------------------------------------------------------

Register Allocation
Variable                                                                          Register  Size
------------------------------------------------------------------------------------------------
_lcd_x                                                                            R5           1
_lcd_y                                                                            R4           1
_lcd_maxx                                                                         R7           1

FLASH Allocation [words]
Function                                                                          Address   Size
------------------------------------------------------------------------------------------------
ext_int2_isr                                                                      0x000FD     28
timer0_ovf_isr                                                                    0x00119     67
main                                                                              0x0015C     82
write_port                                                                        0x001AE      5
Delay                                                                             0x001B3      8
Menu_Main                                                                         0x001BD     41
Menu_Cable_Select                                                                 0x001E6     43
Menu_Run_Test                                                                     0x00211     51
Menu_About_Me                                                                     0x002AF     27
Cable_Check                                                                       0x002CA    101
Cable_Error_Check                                                                 0x0032F     74
main_menu_button_manager_func                                                     0x00379    115
cable_select_button_manager_func                                                  0x003EC     72
cable_define_button_manager_func                                                  0x00434    123
about_me_button_manager_func                                                      0x004AF     65
put_buff_G100                                                                     0x004F0     64
_print_G100                                                                       0x00530    308
sprintf                                                                           0x00664     27
snprintf                                                                          0x0067F     39
memcpy                                                                            0x006A6     18
memset                                                                            0x006B8     16
strlen                                                                            0x006C8     12
strlenf                                                                           0x006D4     13
_lcd_write_nibble_G103                                                            0x006E1     20
_lcd_write_data                                                                   0x006F5     12
lcd_gotoxy                                                                        0x00701     13
lcd_clear                                                                         0x0070E     12
lcd_putchar                                                                       0x0071A     21
lcd_puts                                                                          0x0072F     17
lcd_init                                                                          0x00740     46
